200 68.6444 0
205.3808 69.1945 0
210.9064 69.66601 0
216.5807 70.29469 0
222.4077 70.8448 0
228.3914 71.47348 0
234.5361 71.8664 0
240.8461 72.4165 0
247.3259 72.80943 0
253.98 73.28094 0
260.8131 73.83104 0
267.83 74.69548 0
275.0358 75.24558 0
282.4354 75.6385 0
290.0341 75.87426 0
297.8372 76.26719 0
305.8503 76.89587 0
314.0789 77.2888 0
322.529 77.52456 0
331.2064 77.76031 0
340.1172 77.99607 0
349.268 78.07465 0
358.6647 78.23183 0
368.3143 78.389 0
378.2235 78.78193 0
388.3993 79.09627 0
398.8489 79.56778 0
409.5796 79.72495 0
420.599 79.72495 0
431.9149 79.72495 0
443.5352 79.72495 0
455.4681 79.96071 0
467.7221 80.19646 0
480.3058 80.5108 0
493.2281 80.66798 0
506.498 80.82515 0
520.1249 81.06091 0
534.1184 81.53242 0
548.4884 81.68959 0
563.2454 81.84676 0
578.399 82.00393 0
593.9603 82.08251 0
609.9404 82.08251 0
626.3503 82.08251 0
643.2018 82.1611 0
660.5066 82.31827 0
678.277 82.47544 0
696.5255 82.47544 0
715.2649 82.47544 0
734.5085 82.63261 0
754.2699 82.78979 0
774.5629 83.10413 0
795.4019 83.57564 0
816.8015 84.04715 0
838.7769 84.20432 0
861.3435 84.67583 0
884.5177 84.3615 0
908.3149 84.04715 0
932.7524 83.73281 0
957.8474 83.73281 0
983.6174 84.20432 0
1010.081 84.67583 0
1037.256 85.30452 0
1065.163 86.09037 0
1093.82 86.32613 0
1123.248 86.56189 0
1153.469 86.56189 0
1184.502 86.95481 0
1216.37 87.34774 0
1249.095 87.89784 0
1282.701 88.44794 0
1317.211 88.60511 0
1352.65 88.68369 0
1389.042 88.76228 0
1426.413 88.84087 0
1464.79 88.99803 0
1504.199 88.68369 0
1544.668 88.44794 0
1586.226 88.91945 0
1628.902 89.31238 0
1672.726 89.62672 0
1717.73 89.46955 0
1763.944 89.31238 0
1811.401 89.46955 0
1860.136 90.17682 0
1910.181 90.41257 0
1961.573 90.41257 0
2014.347 90.2554 0
2068.542 90.17682 0
2124.194 89.94106 0
2181.344 89.86247 0
2240.032 89.62672 0
2300.299 89.39096 0
2362.186 89.39096 0
2425.739 89.54813 0
2491.001 89.70531 0
2558.02 89.78389 0
2626.841 89.86247 0
2697.514 90.09823 0
2770.089 90.33399 0
2844.616 90.09823 0
2921.148 90.01965 0
2999.739 90.09823 0
3080.444 90.33399 0
3163.321 90.72691 0
3248.428 91.3556 0
3335.824 91.82711 0
3425.572 91.3556 0
3517.736 90.56975 0
3612.378 90.09823 0
3709.566 89.94106 0
3809.368 90.17682 0
3911.856 90.64833 0
4017.102 90.8055 0
4125.179 90.2554 0
4236.163 90.49116 0
4350.134 90.88409 0
4467.17 91.3556 0
4587.356 90.8055 0
4710.775 90.17682 0
4837.515 89.86247 0
4967.664 90.17682 0
5101.315 90.41257 0
5238.562 90.01965 0
5379.501 89.62672 0
5524.232 89.70531 0
5672.86 90.01965 0
5825.483 89.94106 0
5982.213 89.62672 0
6143.16 89.46955 0
6308.437 89.62672 0
6478.16 89.70531 0
6652.45 89.39096 0
6831.428 89.31238 0
7015.222 89.62672 0
7203.961 89.78389 0
7397.778 89.78389 0
7596.809 89.78389 0
7801.195 89.78389 0
8011.08 89.86247 0
8226.611 89.94106 0
8447.941 90.01965 0
8675.227 90.01965 0
8908.631 90.17682 0
9148.311 90.33399 0
9394.438 90.33399 0
9647.188 90.33399 0
9906.738 90.33399 0
10173.27 90.33399 0
10446.97 90.33399 0
10728.04 90.49116 0
11016.67 90.72691 0
11313.07 90.96267 0
11617.43 91.11984 0
11929.99 91.27702 0
12250.96 91.43418 0
12580.56 91.27702 0
12919.03 91.27702 0
13266.61 91.11984 0
13623.53 90.88409 0
13990.06 90.72691 0
14366.45 90.72691 0
14752.97 90.72691 0
15149.89 90.33399 0
15557.48 90.01965 0
15976.04 89.70531 0
16405.87 89.1552 0
16847.25 88.76228 0
17300.52 88.91945 0
17765.99 89.07662 0
18243.97 88.91945 0
18734.81 88.52652 0
19238.86 88.36935 0
19756.46 88.21218 0
20287.99 88.21218 0
20833.82 88.21218 0
21394.34 88.1336 0
21969.94 88.05501 0
22561.02 87.97643 0
23168.01 87.81925 0
23791.32 87.81925 0
24431.41 87.74067 0
25088.72 87.66208 0
25763.71 87.42632 0
26456.86 87.0334 0
27168.66 86.56189 0
27899.61 86.24754 0
28650.23 85.85461 0
29421.04 85.54028 0
30212.59 85.85461 0
31025.43 86.09037 0
31860.14 86.32613 0
32717.31 84.59725 0
33597.55 82.55402 0
34501.46 80.19646 0
35429.7 78.389 0
36382.9 77.8389 0
37361.75 76.89587 0
38366.94 75.6385 0
39399.18 74.45972 0
