20.00105 74.375 0
20.66911 74.6875 0
21.35948 75 0
22.07291 75.39063 0
22.81018 75.70313 0
23.57207 76.01563 0
24.3594 76.40625 0
25.17304 76.71875 0
26.01385 77.03125 0
26.88275 77.34375 0
27.78066 77.65625 0
28.70858 78.04688 0
29.66749 78.4375 0
30.65842 78.75 0
31.68245 79.0625 0
32.74068 79.29688 0
33.83426 79.60938 0
34.96437 79.84375 0
36.13223 80.15625 0
37.33909 80.39063 0
38.58626 80.70313 0
39.8751 80.9375 0
41.20698 81.25 0
42.58335 81.48438 0
44.00568 81.71875 0
45.47553 81.875 0
46.99447 82.10938 0
48.56415 82.42188 0
50.18625 82.65625 0
51.86254 82.8125 0
53.59481 83.125 0
55.38496 83.28125 0
57.23489 83.4375 0
59.14661 83.59375 0
61.12218 83.75 0
63.16374 84.0625 0
65.27349 84.21875 0
67.45371 84.45313 0
69.70675 84.60938 0
72.03504 84.76563 0
74.44111 84.92188 0
76.92754 85.07813 0
79.49703 85.23438 0
82.15234 85.39063 0
84.89633 85.54688 0
87.73198 85.70313 0
90.66234 85.78125 0
93.69057 85.78125 0
96.81996 85.85938 0
100.0539 86.01563 0
103.3958 86.17188 0
106.8493 86.32813 0
110.4183 86.40625 0
114.1064 86.48438 0
117.9177 86.64063 0
121.8563 86.71875 0
125.9265 86.79688 0
130.1326 86.79688 0
134.4792 86.875 0
138.971 86.95313 0
143.6127 86.95313 0
148.4096 87.03125 0
153.3667 87.10938 0
158.4893 87.1875 0
163.783 87.26563 0
169.2536 87.34375 0
174.9069 87.42188 0
180.7491 87.42188 0
186.7863 87.42188 0
193.0252 87.5 0
199.4725 87.5 0
206.1351 87.57813 0
213.0204 87.57813 0
220.1355 87.65625 0
227.4883 87.65625 0
235.0867 87.65625 0
242.9389 87.73438 0
251.0533 87.8125 0
259.4389 87.8125 0
268.1046 87.8125 0
277.0595 87.8125 0
286.3138 87.8125 0
295.8769 87.8125 0
305.7596 87.8125 0
315.9723 87.89063 0
326.5263 87.89063 0
337.4326 87.89063 0
348.7034 87.96875 0
360.3506 87.96875 0
372.3867 87.96875 0
384.825 87.96875 0
397.6785 87.96875 0
410.9616 88.04688 0
424.6881 88.04688 0
438.8734 88.04688 0
453.5322 88.125 0
468.6808 88.125 0
484.3353 88.125 0
500.5128 88.51563 0
517.2307 88.90625 0
534.5068 88.98438 0
552.3601 89.0625 0
570.8095 89.0625 0
589.8754 88.98438 0
609.5778 88.98438 0
629.9387 88.98438 0
650.9792 89.14063 0
672.723 89.29688 0
695.1926 89.29688 0
718.4131 89.14063 0
742.4092 88.90625 0
767.2065 88.28125 0
792.8323 87.42188 0
819.3137 86.48438 0
846.6801 86.71875 0
874.9601 87.1875 0
904.1851 88.4375 0
934.3858 88.90625 0
965.5957 88.51563 0
997.8481 87.73438 0
1031.177 86.95313 0
1065.62 86.32813 0
1101.213 86.25 0
1137.995 86.17188 0
1176.005 86.01563 0
1215.286 85.85938 0
1255.878 86.09375 0
1297.826 86.5625 0
1341.174 87.03125 0
1385.972 87.73438 0
1432.265 87.89063 0
1480.104 88.125 0
1529.542 88.28125 0
1580.63 88.51563 0
1633.426 88.4375 0
1687.984 87.89063 0
1744.365 88.125 0
1802.629 88.35938 0
1862.84 88.59375 0
1925.06 88.28125 0
1989.36 88.20313 0
2055.808 88.20313 0
2124.474 88.20313 0
2195.435 88.20313 0
2268.764 88.04688 0
2344.545 87.73438 0
2422.855 87.65625 0
2503.782 87.8125 0
2587.411 88.28125 0
2673.834 88.75 0
2763.145 88.90625 0
2855.437 88.51563 0
2950.813 88.28125 0
3049.373 88.28125 0
3151.226 88.67188 0
3256.48 89.14063 0
3365.252 89.76563 0
3477.655 89.45313 0
3593.814 89.60938 0
3713.851 90.23438 0
3837.899 91.01563 0
3966.091 91.32813 0
4098.563 91.01563 0
4235.461 91.17188 0
4376.93 91.79688 0
4523.126 91.17188 0
4674.203 90.23438 0
4830.328 89.60938 0
4991.666 88.82813 0
5158.396 88.125 0
5330.691 87.73438 0
5508.745 88.4375 0
5692.745 89.29688 0
5882.889 88.82813 0
6079.386 87.89063 0
6282.444 86.79688 0
6492.287 85.23438 0
6709.136 83.98438 0
6933.231 83.04688 0
7164.809 82.1875 0
7404.124 81.48438 0
7651.429 81.17188 0
7906.999 80.70313 0
8171.105 79.84375 0
8444.028 77.73438 0
8726.072 74.45313 0
9017.531 73.35938 0
9318.731 72.96875 0
9629.986 72.8125 0
9951.643 71.875 0
10284.04 71.09375 0
10627.53 68.75 0
10982.52 67.26563 0
11349.34 65 0
11728.42 65.46875 0
12120.18 66.40625 0
12525 68.35938 0
12943.35 67.5 0
13375.67 66.25 0
13822.45 63.98438 0
