20 57.5976 0
20.35139 57.67267 0
20.70894 57.97297 0
21.07278 58.27327 0
21.44301 58.4985 0
21.81975 58.64865 0
22.20311 58.87387 0
22.5932 59.32433 0
22.99014 60.07507 0
23.39406 60.67567 0
23.80508 61.72673 0
24.22332 62.4024 0
24.6489 63.003 0
25.08196 63.6036 0
25.52263 64.42943 0
25.97104 64.8048 0
26.42733 65.33033 0
26.89164 66.006 0
27.3641 66.60661 0
27.84487 66.90691 0
28.33409 67.58258 0
28.8319 67.88288 0
29.33845 68.10811 0
29.8539 68.78378 0
30.37841 68.93394 0
30.91213 69.38438 0
31.45524 69.83483 0
32.00788 70.13513 0
32.57023 70.43543 0
33.14246 70.88589 0
33.72475 71.26126 0
34.31728 71.48649 0
34.9202 71.78679 0
35.53372 72.08709 0
36.15802 72.38739 0
36.79329 72.61261 0
37.43972 72.83784 0
38.0975 72.98799 0
38.76685 73.06306 0
39.44794 73.28829 0
40.14101 73.58858 0
40.84627 73.73874 0
41.56391 74.03904 0
42.29415 74.18919 0
43.03722 74.48949 0
43.79335 74.78979 0
44.56277 74.86487 0
45.3457 75.01501 0
46.14239 75.24024 0
46.95307 75.39039 0
47.778 75.54054 0
48.61742 75.76576 0
49.4716 76.06606 0
50.34078 76.36636 0
51.22522 76.51652 0
52.12521 76.89189 0
53.04101 77.04205 0
53.97289 77.41742 0
54.92115 77.56757 0
55.88607 78.01802 0
56.86795 78.24324 0
57.86707 78.54354 0
58.88377 78.994 0
59.9183 79.21922 0
60.97102 79.5946 0
62.04223 79.8949 0
63.13226 80.04504 0
64.24145 80.12012 0
65.37012 80.27027 0
66.51862 80.42042 0
67.68729 80.57057 0
68.8765 80.72072 0
70.08661 80.87087 0
71.31799 81.02102 0
72.57099 81.32132 0
73.84601 81.39639 0
75.14342 81.54655 0
76.46363 81.77177 0
77.80704 81.92192 0
79.17404 81.92192 0
80.56506 81.99699 0
81.98053 82.14715 0
83.42086 82.22222 0
84.88652 82.37238 0
86.37791 82.44745 0
87.8955 82.5976 0
89.43975 82.74775 0
91.01113 82.8979 0
92.61012 82.97298 0
94.23721 83.04805 0
95.89288 83.12312 0
97.57764 83.1982 0
99.292 83.4985 0
101.0365 83.64865 0
102.8116 83.72372 0
104.6179 83.7988 0
106.456 83.94895 0
108.3263 84.0991 0
110.2296 84.24925 0
112.1662 84.32433 0
114.1369 84.3994 0
116.1422 84.54955 0
118.1827 84.62463 0
120.2591 84.6997 0
122.3719 84.6997 0
124.5219 84.6997 0
126.7096 84.77477 0
128.9359 84.77477 0
131.2011 84.77477 0
133.5063 84.77477 0
135.8519 84.77477 0
138.2387 84.77477 0
140.6674 84.77477 0
143.1388 84.84985 0
145.6537 84.84985 0
148.2127 84.84985 0
150.8167 84.84985 0
153.4664 84.92493 0
156.1627 84.92493 0
158.9063 84.92493 0
161.6982 84.92493 0
164.5392 84.92493 0
167.4299 84.92493 0
170.3716 84.92493 0
173.3648 85 0
176.4108 85 0
179.5101 85 0
182.664 85 0
185.8732 85 0
189.1389 85 0
192.4619 85 0
195.8433 85 0
199.2842 85 0
202.7854 85 0
206.3482 85 0
209.9735 85 0
213.6626 85 0
217.4165 85 0
221.2364 85.07507 0
225.1232 85.22523 0
229.0785 85.3003 0
233.1033 85.37537 0
237.1987 85.45045 0
241.3661 85.6006 0
245.6067 85.67567 0
249.9219 85.82583 0
254.3127 85.9009 0
258.7809 85.9009 0
263.3274 85.9009 0
267.9539 85.9009 0
272.6615 85.9009 0
277.4521 85.97598 0
282.3268 85.97598 0
287.2869 85.97598 0
292.3344 85.97598 0
297.4704 85.97598 0
302.6968 85.97598 0
308.0148 85.97598 0
313.4265 85.97598 0
318.9331 85.97598 0
324.5366 85.97598 0
330.2383 85.97598 0
336.0404 85.97598 0
341.9445 86.2012 0
347.9521 86.42643 0
354.0654 86.87688 0
360.2859 87.02702 0
366.616 87.17718 0
373.057 87.25225 0
379.6114 87.25225 0
386.2808 87.25225 0
393.0675 87.25225 0
399.9733 87.25225 0
407.0006 87.25225 0
414.1514 87.25225 0
421.4276 87.25225 0
428.8318 87.4024 0
436.3659 87.47748 0
444.0327 87.47748 0
451.8338 87.47748 0
459.7723 87.47748 0
467.85 87.47748 0
476.0699 87.47748 0
484.4342 87.47748 0
492.9452 87.62762 0
501.606 87.77778 0
510.4186 88.07808 0
519.3864 88.07808 0
528.5115 88.07808 0
537.7971 88.07808 0
547.2456 88.07808 0
556.8605 88.07808 0
566.6439 88.07808 0
576.5995 88.07808 0
586.73 88.07808 0
597.0383 88.07808 0
607.5279 88.15315 0
618.2015 88.15315 0
629.063 88.15315 0
640.1149 88.22823 0
651.3614 88.22823 0
662.8051 88.75375 0
674.4503 88.9039 0
686.2996 88.97898 0
698.3575 89.05405 0
710.6273 89.12913 0
723.1122 89.12913 0
735.817 89.27928 0
748.7444 89.35435 0
761.8995 89.5045 0
775.2852 89.57958 0
788.9066 89.57958 0
802.7668 89.57958 0
816.871 89.57958 0
831.2225 89.57958 0
845.8267 89.57958 0
860.6874 89.57958 0
875.8087 89.57958 0
891.1962 89.57958 0
906.8536 89.57958 0
922.7865 89.57958 0
938.9989 89.57958 0
955.4966 89.57958 0
972.2836 89.57958 0
989.3661 89.57958 0
1006.749 89.57958 0
1024.436 89.5045 0
1042.435 89.5045 0
1060.75 89.5045 0
1079.386 89.35435 0
1098.35 89.2042 0
1117.647 89.12913 0
1137.283 89.05405 0
1157.265 89.05405 0
1177.597 89.12913 0
1198.286 89.27928 0
1219.34 89.27928 0
1240.762 89.27928 0
1262.562 89.27928 0
1284.743 89.2042 0
1307.316 89.12913 0
1330.284 89.12913 0
1353.656 89.12913 0
1377.438 89.12913 0
1401.639 89.05405 0
1426.265 89.05405 0
1451.323 89.05405 0
1476.822 89.05405 0
1502.768 88.97898 0
1529.171 88.9039 0
1556.037 88.82883 0
1583.376 88.67868 0
1611.194 88.52853 0
1639.502 88.45345 0
1668.306 88.45345 0
1697.617 88.45345 0
1727.443 88.45345 0
1757.793 88.37838 0
1788.676 88.30331 0
1820.101 88.15315 0
1852.08 88.15315 0
1884.619 88.15315 0
1917.73 88.15315 0
1951.423 88.15315 0
1985.708 88.15315 0
2020.595 88.15315 0
2056.096 88.15315 0
2092.219 88.15315 0
2128.978 88.07808 0
2166.383 88.00301 0
2204.444 87.62762 0
2243.175 87.47748 0
2282.585 87.4024 0
2322.689 87.25225 0
2363.496 86.95195 0
2405.022 86.72673 0
2447.275 86.27628 0
2490.273 86.2012 0
2534.025 86.05105 0
2578.546 85.97598 0
2623.849 85.97598 0
2669.948 85.97598 0
2716.857 85.97598 0
2764.589 85.97598 0
2813.162 85.97598 0
2862.586 85.97598 0
2912.88 85.97598 0
2964.056 85.97598 0
3016.133 85.75075 0
3069.125 85.52553 0
3123.046 85.52553 0
3177.916 85.52553 0
3233.749 85.52553 0
3290.564 85.52553 0
3348.375 85.67567 0
3407.205 85.82583 0
3467.066 85.97598 0
3527.98 86.05105 0
3589.963 86.05105 0
3653.037 85.9009 0
3717.219 85.37537 0
3782.526 85.15015 0
3848.983 85 0
3916.605 85 0
3985.418 85.07507 0
4055.438 85.52553 0
4126.689 85.6006 0
4199.191 85.67567 0
4272.968 85.82583 0
4348.04 85.9009 0
4424.433 86.27628 0
4502.167 87.1021 0
4581.266 88.52853 0
4661.756 89.65466 0
4743.658 91.006 0
4827.001 91.45646 0
4911.807 91.98198 0
4998.104 94.30931 0
5085.916 95.66066 0
5175.272 97.68769 0
5266.199 98.73874 0
5358.721 100.8408 0
5452.871 101.5165 0
5548.671 101.1411 0
5646.159 99.71471 0
5745.355 97.16216 0
5846.298 94.38438 0
5949.012 93.10811 0
6053.533 89.2042 0
6159.887 87.55255 0
6268.112 86.65165 0
6378.24 85.97598 0
6490.299 86.5015 0
6604.33 87.55255 0
6720.361 88.30331 0
6838.434 89.8048 0
6958.578 92.80781 0
7080.836 94.98499 0
7205.239 95.13513 0
7331.831 95.28529 0
7460.643 95.96096 0
7591.723 95.88589 0
7725.105 94.30931 0
7860.827 92.20721 0
7998.938 90.55556 0
8139.47 87.92793 0
8282.477 86.42643 0
8427.99 84.92493 0
8576.065 84.77477 0
8726.737 84.62463 0
8880.062 84.47447 0
9036.075 84.77477 0
9194.834 87.17718 0
9356.382 89.87988 0
9520.764 90.25526 0
9688.038 88.45345 0
9858.247 85.07507 0
10031.45 82.22222 0
10207.7 81.02102 0
10387.03 80.1952 0
10569.53 80.34534 0
10755.23 81.69669 0
10944.19 84.77477 0
11136.47 86.42643 0
11332.12 85.3003 0
11531.22 82.44745 0
11733.82 77.86787 0
11939.98 75.61562 0
12149.74 74.26427 0
12363.21 74.18919 0
12580.42 76.51652 0
12801.45 78.31832 0
13026.35 78.61862 0
13255.22 78.39339 0
13488.11 75.39039 0
13725.09 72.76276 0
13966.23 71.93694 0
14211.59 70.96096 0
14461.28 72.53754 0
14715.36 75.16517 0
14973.9 76.51652 0
15236.97 78.994 0
15504.67 76.66666 0
15777.08 73.21321 0
16054.28 71.63663 0
16336.34 70.73573 0
16623.34 73.36337 0
16915.41 75.16517 0
17212.6 76.59159 0
17515.02 73.06306 0
17822.73 70.06006 0
18135.86 70.73573 0
18454.5 72.01201 0
18778.74 69.98499 0
19108.67 67.50751 0
19444.38 66.45646 0
19786 66.38138 0
20133.63 66.38138 0
20487.37 66.45646 0
20847.3 66.38138 0
